2026-08-31 23:00:21,780 | INFO | app.services.commande_service | Mise à jour du statut de la commande 3 de StatutCommande.CONFIRMEE à StatutCommande.CONFIRMEE
2026-08-31 23:05:04,101 | WARNING | app.services.commande_service | Transition de statut non autorisée pour la commande 3 : StatutCommande.CONFIRMEE → StatutCommande.BROUILLON
2026-08-31 23:05:36,663 | INFO | app.services.commande_service | Mise à jour du statut de la commande 3 de StatutCommande.CONFIRMEE à StatutCommande.EXPEDIEE
2026-09-01 18:24:27,764 | INFO | app.services.commande_service | Création d'une commande pour le client 3
2026-09-01 18:24:53,391 | INFO | app.services.ligne_commande_service | Ajout d'une ligne de commande à la commande 8
2026-09-01 18:25:27,327 | INFO | app.services.commande_service | Mise à jour du statut de la commande 8 de StatutCommande.BROUILLON à StatutCommande.CONFIRMEE
2026-09-01 22:19:04,132 | INFO | httpx2 | HTTP Request: POST http://testserver/clients "HTTP/1.1 307 Temporary Redirect"
2026-09-01 22:19:04,369 | INFO | app.services.client_service | Création d'un client avec l'email test.client@example.com
2026-09-01 22:19:04,405 | INFO | httpx2 | HTTP Request: POST http://testserver/clients/ "HTTP/1.1 200 OK"
2026-09-01 22:19:04,869 | INFO | httpx2 | HTTP Request: POST http://testserver/clients "HTTP/1.1 307 Temporary Redirect"
2026-09-01 22:19:04,946 | INFO | app.services.client_service | Création d'un client avec l'email duplicate@example.com
2026-09-01 22:19:04,955 | INFO | httpx2 | HTTP Request: POST http://testserver/clients/ "HTTP/1.1 200 OK"
2026-09-01 22:19:05,006 | INFO | httpx2 | HTTP Request: POST http://testserver/clients "HTTP/1.1 307 Temporary Redirect"
2026-09-01 22:19:05,028 | INFO | httpx2 | HTTP Request: POST http://testserver/clients/ "HTTP/1.1 401 Unauthorized"
2026-09-01 22:23:16,991 | INFO | httpx2 | HTTP Request: POST http://testserver/clients "HTTP/1.1 400 Bad Request"
2026-09-01 22:23:17,467 | INFO | httpx2 | HTTP Request: POST http://testserver/clients "HTTP/1.1 400 Bad Request"
2026-09-01 22:23:17,497 | INFO | httpx2 | HTTP Request: POST http://testserver/clients "HTTP/1.1 401 Unauthorized"
2026-09-01 22:28:53,478 | INFO | app.services.client_service | Création d'un client avec l'email test.client.2026@example.com
2026-09-01 22:28:53,507 | INFO | httpx2 | HTTP Request: POST http://testserver/clients "HTTP/1.1 201 Created"
2026-09-01 22:28:53,760 | INFO | app.services.client_service | Création d'un client avec l'email duplicate.2026@example.com
2026-09-01 22:28:53,769 | INFO | httpx2 | HTTP Request: POST http://testserver/clients "HTTP/1.1 201 Created"
2026-09-01 22:28:53,905 | INFO | httpx2 | HTTP Request: POST http://testserver/clients "HTTP/1.1 400 Bad Request"
2026-09-01 22:45:07,344 | INFO | httpx2 | HTTP Request: POST http://testserver/clients "HTTP/1.1 409 Conflict"
2026-09-01 22:45:07,916 | INFO | httpx2 | HTTP Request: POST http://testserver/clients "HTTP/1.1 409 Conflict"
2026-09-01 22:45:50,031 | INFO | app.services.client_service | Création d'un client avec l'email tes.client.2026@example.com
2026-09-01 22:45:50,057 | INFO | httpx2 | HTTP Request: POST http://testserver/clients "HTTP/1.1 201 Created"
2026-09-01 22:45:50,114 | INFO | httpx2 | HTTP Request: POST http://testserver/clients "HTTP/1.1 409 Conflict"
2026-09-01 22:49:04,069 | INFO | app.services.client_service | Création d'un client avec l'email tests.client.2026@example.com
2026-09-01 22:49:04,105 | INFO | httpx2 | HTTP Request: POST http://testserver/clients "HTTP/1.1 201 Created"
2026-09-01 22:49:04,427 | INFO | app.services.client_service | Création d'un client avec l'email duplicate.test.20260901@example.com
2026-09-01 22:49:04,437 | INFO | httpx2 | HTTP Request: POST http://testserver/clients "HTTP/1.1 201 Created"
2026-09-01 22:49:04,466 | INFO | httpx2 | HTTP Request: POST http://testserver/clients "HTTP/1.1 409 Conflict"
2026-09-01 22:52:18,876 | INFO | app.services.client_service | Création d'un client avec l'email commande.test.20260901@example.com
2026-09-01 22:52:18,901 | INFO | httpx2 | HTTP Request: POST http://testserver/clients "HTTP/1.1 201 Created"
2026-09-01 22:52:18,942 | INFO | app.services.commande_service | Création d'une commande pour le client 14
2026-09-01 22:52:18,965 | INFO | httpx2 | HTTP Request: POST http://testserver/commandes "HTTP/1.1 200 OK"
2026-09-01 22:54:24,991 | INFO | httpx2 | HTTP Request: POST http://testserver/clients "HTTP/1.1 409 Conflict"
2026-09-01 22:55:58,511 | INFO | app.services.client_service | Création d'un client avec l'email commande.test.20260901.v2@example.com
2026-09-01 22:55:58,534 | INFO | httpx2 | HTTP Request: POST http://testserver/clients "HTTP/1.1 201 Created"
2026-09-01 22:55:58,562 | INFO | app.services.commande_service | Création d'une commande pour le client 15
2026-09-01 22:55:58,582 | INFO | httpx2 | HTTP Request: POST http://testserver/commandes "HTTP/1.1 201 Created"
2026-09-01 22:57:38,686 | INFO | httpx2 | HTTP Request: POST http://testserver/clients "HTTP/1.1 409 Conflict"
2026-09-01 23:01:41,751 | INFO | app.services.client_service | Création d'un client avec l'email commande.test.20260901.v3@example.com
2026-09-01 23:01:41,778 | INFO | httpx2 | HTTP Request: POST http://testserver/clients "HTTP/1.1 201 Created"
2026-09-01 23:01:41,852 | INFO | app.services.commande_service | Création d'une commande pour le client 16
2026-09-01 23:01:41,872 | INFO | httpx2 | HTTP Request: POST http://testserver/commandes "HTTP/1.1 201 Created"
2026-09-01 23:04:23,825 | INFO | app.services.client_service | Création d'un client avec l'email ligne.test.20260901@example.com
2026-09-01 23:04:23,852 | INFO | httpx2 | HTTP Request: POST http://testserver/clients "HTTP/1.1 201 Created"
2026-09-01 23:04:23,882 | INFO | app.services.commande_service | Création d'une commande pour le client 17
2026-09-01 23:04:23,903 | INFO | httpx2 | HTTP Request: POST http://testserver/commandes "HTTP/1.1 201 Created"
2026-09-01 23:04:23,944 | INFO | app.services.ligne_commande_service | Ajout d'une ligne de commande à la commande 12
2026-09-01 23:04:23,964 | INFO | httpx2 | HTTP Request: POST http://testserver/commandes/12/lignes "HTTP/1.1 200 OK"
2026-09-01 23:07:47,530 | INFO | httpx2 | HTTP Request: POST http://testserver/clients "HTTP/1.1 409 Conflict"
2026-09-01 23:09:26,676 | INFO | app.services.client_service | Création d'un client avec l'email ligne.test.20260901.v2@example.com
2026-09-01 23:09:26,701 | INFO | httpx2 | HTTP Request: POST http://testserver/clients "HTTP/1.1 201 Created"
2026-09-01 23:09:26,728 | INFO | app.services.commande_service | Création d'une commande pour le client 18
2026-09-01 23:09:26,750 | INFO | httpx2 | HTTP Request: POST http://testserver/commandes "HTTP/1.1 201 Created"
2026-09-01 23:09:26,827 | INFO | app.services.ligne_commande_service | Ajout d'une ligne de commande à la commande 13
2026-09-01 23:09:26,844 | INFO | httpx2 | HTTP Request: POST http://testserver/commandes/13/lignes "HTTP/1.1 200 OK"
2026-09-01 23:12:41,558 | INFO | httpx2 | HTTP Request: POST http://testserver/clients "HTTP/1.1 409 Conflict"
2026-09-01 23:14:23,938 | INFO | app.services.client_service | Création d'un client avec l'email ligne.test.20260901.v3@example.com
2026-09-01 23:14:23,962 | INFO | httpx2 | HTTP Request: POST http://testserver/clients "HTTP/1.1 201 Created"
2026-09-01 23:14:24,013 | INFO | app.services.commande_service | Création d'une commande pour le client 19
2026-09-01 23:14:24,033 | INFO | httpx2 | HTTP Request: POST http://testserver/commandes "HTTP/1.1 201 Created"
2026-09-01 23:14:24,071 | INFO | app.services.ligne_commande_service | Ajout d'une ligne de commande à la commande 14
2026-09-01 23:14:24,087 | INFO | httpx2 | HTTP Request: POST http://testserver/commandes/14/lignes "HTTP/1.1 201 Created"
2026-09-01 23:14:24,107 | INFO | httpx2 | HTTP Request: GET http://testserver/commandes/14 "HTTP/1.1 201 Created"
2026-09-01 23:16:17,248 | INFO | httpx2 | HTTP Request: POST http://testserver/clients "HTTP/1.1 409 Conflict"
2026-09-01 23:18:32,353 | INFO | app.services.client_service | Création d'un client avec l'email ligne.test.20260901.v4@example.com
2026-09-01 23:18:32,381 | INFO | httpx2 | HTTP Request: POST http://testserver/clients "HTTP/1.1 201 Created"
2026-09-01 23:18:32,421 | INFO | app.services.commande_service | Création d'une commande pour le client 20
2026-09-01 23:18:32,442 | INFO | httpx2 | HTTP Request: POST http://testserver/commandes "HTTP/1.1 201 Created"
2026-09-01 23:18:32,635 | INFO | app.services.ligne_commande_service | Ajout d'une ligne de commande à la commande 15
2026-09-01 23:18:32,652 | INFO | httpx2 | HTTP Request: POST http://testserver/commandes/15/lignes "HTTP/1.1 201 Created"
2026-09-01 23:18:32,819 | INFO | httpx2 | HTTP Request: GET http://testserver/commandes/15 "HTTP/1.1 200 OK"
2026-09-02 13:29:55,865 | INFO | app.services.client_service | Création d'un client avec l'email statut.test.20260902@example.com
2026-09-02 13:29:56,041 | INFO | httpx2 | HTTP Request: POST http://testserver/clients "HTTP/1.1 201 Created"
2026-09-02 13:29:56,224 | INFO | app.services.commande_service | Création d'une commande pour le client 21
2026-09-02 13:29:56,255 | INFO | httpx2 | HTTP Request: POST http://testserver/commandes "HTTP/1.1 201 Created"
2026-09-02 13:29:56,281 | INFO | app.services.commande_service | Mise à jour du statut de la commande 16 de StatutCommande.BROUILLON à StatutCommande.CONFIRMEE
2026-09-02 13:29:56,297 | INFO | httpx2 | HTTP Request: PATCH http://testserver/commandes/16/statut "HTTP/1.1 201 Created"
2026-09-02 13:33:25,611 | INFO | app.services.client_service | Création d'un client avec l'email statut.tes.20260902@example.com
2026-09-02 13:33:25,636 | INFO | httpx2 | HTTP Request: POST http://testserver/clients "HTTP/1.1 201 Created"
2026-09-02 13:33:25,668 | INFO | app.services.commande_service | Création d'une commande pour le client 22
2026-09-02 13:33:25,689 | INFO | httpx2 | HTTP Request: POST http://testserver/commandes "HTTP/1.1 201 Created"
2026-09-02 13:33:25,712 | INFO | app.services.commande_service | Mise à jour du statut de la commande 17 de StatutCommande.BROUILLON à StatutCommande.CONFIRMEE
2026-09-02 13:33:25,726 | INFO | httpx2 | HTTP Request: PATCH http://testserver/commandes/17/statut "HTTP/1.1 200 OK"
2026-09-02 13:43:06,055 | INFO | app.services.client_service | Création d'un client avec l'email transition.test.20260902@example.com
2026-09-02 13:43:06,096 | INFO | httpx2 | HTTP Request: POST http://testserver/clients "HTTP/1.1 201 Created"
2026-09-02 13:43:06,238 | INFO | app.services.commande_service | Création d'une commande pour le client 23
2026-09-02 13:43:06,268 | INFO | httpx2 | HTTP Request: POST http://testserver/commandes "HTTP/1.1 201 Created"
2026-09-02 13:43:06,309 | WARNING | app.services.commande_service | Transition de statut non autorisée pour la commande 18 : StatutCommande.BROUILLON → StatutCommande.LIVREE
2026-09-02 13:43:06,314 | INFO | httpx2 | HTTP Request: PATCH http://testserver/commandes/18/statut "HTTP/1.1 400 Bad Request"
2026-09-02 13:52:01,755 | INFO | app.services.client_service | Création d'un client avec l'email ligne.statut.test.20260902@example.com
2026-09-02 13:52:01,779 | INFO | httpx2 | HTTP Request: POST http://testserver/clients "HTTP/1.1 201 Created"
2026-09-02 13:52:01,835 | INFO | app.services.commande_service | Création d'une commande pour le client 24
2026-09-02 13:52:01,856 | INFO | httpx2 | HTTP Request: POST http://testserver/commandes "HTTP/1.1 201 Created"
2026-09-02 13:52:01,867 | INFO | app.services.commande_service | Mise à jour du statut de la commande 19 de StatutCommande.BROUILLON à StatutCommande.CONFIRMEE
2026-09-02 13:52:01,880 | INFO | httpx2 | HTTP Request: PATCH http://testserver/commandes/19/statut "HTTP/1.1 200 OK"
2026-09-02 13:52:01,954 | INFO | httpx2 | HTTP Request: POST http://testserver/commandes/19/lignes "HTTP/1.1 400 Bad Request"
2026-09-02 14:15:49,921 | INFO | app.services.client_service | Création d'un client avec l'email livraison.test.20260902@example.com
2026-09-02 14:15:49,947 | INFO | httpx2 | HTTP Request: POST http://testserver/clients "HTTP/1.1 201 Created"
2026-09-02 14:15:49,971 | INFO | app.services.commande_service | Création d'une commande pour le client 25
2026-09-02 14:15:49,993 | INFO | httpx2 | HTTP Request: POST http://testserver/commandes "HTTP/1.1 201 Created"
2026-09-02 14:15:50,005 | INFO | app.services.commande_service | Mise à jour du statut de la commande 20 de StatutCommande.BROUILLON à StatutCommande.CONFIRMEE
2026-09-02 14:15:50,018 | INFO | httpx2 | HTTP Request: PATCH http://testserver/commandes/20/statut "HTTP/1.1 200 OK"
2026-09-02 14:15:50,027 | INFO | app.services.commande_service | Mise à jour du statut de la commande 20 de StatutCommande.CONFIRMEE à StatutCommande.EXPEDIEE
2026-09-02 14:15:50,035 | INFO | httpx2 | HTTP Request: PATCH http://testserver/commandes/20/statut "HTTP/1.1 200 OK"
2026-09-02 14:15:50,044 | INFO | app.services.commande_service | Mise à jour du statut de la commande 20 de StatutCommande.EXPEDIEE à StatutCommande.LIVREE
2026-09-02 14:15:50,053 | INFO | httpx2 | HTTP Request: PATCH http://testserver/commandes/20/statut "HTTP/1.1 200 OK"
2026-09-02 14:15:50,061 | WARNING | app.services.commande_service | Transition de statut non autorisée pour la commande 20 : StatutCommande.LIVREE → StatutCommande.CONFIRMEE
2026-09-02 14:15:50,065 | INFO | httpx2 | HTTP Request: PATCH http://testserver/commandes/20/statut "HTTP/1.1 400 Bad Request"
2026-09-02 14:17:55,304 | INFO | app.services.client_service | Création d'un client avec l'email pagination.test.20260902@example.com
2026-09-02 14:17:55,328 | INFO | httpx2 | HTTP Request: POST http://testserver/clients "HTTP/1.1 201 Created"
2026-09-02 14:17:55,354 | INFO | app.services.commande_service | Création d'une commande pour le client 26
2026-09-02 14:17:55,378 | INFO | httpx2 | HTTP Request: POST http://testserver/commandes "HTTP/1.1 201 Created"
2026-09-02 14:17:55,387 | INFO | app.services.commande_service | Création d'une commande pour le client 26
2026-09-02 14:17:55,396 | INFO | httpx2 | HTTP Request: POST http://testserver/commandes "HTTP/1.1 201 Created"
2026-09-02 14:17:55,418 | INFO | app.services.commande_service | Création d'une commande pour le client 26
2026-09-02 14:17:55,426 | INFO | httpx2 | HTTP Request: POST http://testserver/commandes "HTTP/1.1 201 Created"
2026-09-02 14:17:55,457 | INFO | httpx2 | HTTP Request: GET http://testserver/commandes?page=1&page_size=2 "HTTP/1.1 200 OK"
2026-09-02 14:19:37,040 | INFO | app.services.client_service | Création d'un client avec l'email filtres.test.20260902@example.com
2026-09-02 14:19:37,063 | INFO | httpx2 | HTTP Request: POST http://testserver/clients "HTTP/1.1 201 Created"
2026-09-02 14:19:37,102 | INFO | app.services.commande_service | Création d'une commande pour le client 27
2026-09-02 14:19:37,122 | INFO | httpx2 | HTTP Request: POST http://testserver/commandes "HTTP/1.1 201 Created"
2026-09-02 14:19:37,131 | INFO | app.services.commande_service | Création d'une commande pour le client 27
2026-09-02 14:19:37,140 | INFO | httpx2 | HTTP Request: POST http://testserver/commandes "HTTP/1.1 201 Created"
2026-09-02 14:19:37,169 | INFO | httpx2 | HTTP Request: GET http://testserver/commandes?client_id=27 "HTTP/1.1 200 OK"
2026-09-02 14:19:37,189 | INFO | httpx2 | HTTP Request: GET http://testserver/commandes?statut=brouillon "HTTP/1.1 200 OK"
2026-09-02 14:21:58,260 | INFO | app.services.client_service | Création d'un client avec l'email stats.test.20260902@example.com
2026-09-02 14:21:58,286 | INFO | httpx2 | HTTP Request: POST http://testserver/clients "HTTP/1.1 201 Created"
2026-09-02 14:21:58,325 | INFO | app.services.commande_service | Création d'une commande pour le client 28
2026-09-02 14:21:58,347 | INFO | httpx2 | HTTP Request: POST http://testserver/commandes "HTTP/1.1 201 Created"
2026-09-02 14:21:58,381 | INFO | app.services.commande_service | Création d'une commande pour le client 28
2026-09-02 14:21:58,390 | INFO | httpx2 | HTTP Request: POST http://testserver/commandes "HTTP/1.1 201 Created"
2026-09-02 14:21:58,435 | INFO | httpx2 | HTTP Request: GET http://testserver/stats/clients/28 "HTTP/1.1 200 OK"
2026-09-02 14:24:28,591 | INFO | app.services.client_service | Création d'un client avec l'email stats.tet.20260902@example.com
2026-09-02 14:24:28,616 | INFO | httpx2 | HTTP Request: POST http://testserver/clients "HTTP/1.1 201 Created"
2026-09-02 14:24:28,691 | INFO | app.services.commande_service | Création d'une commande pour le client 29
2026-09-02 14:24:28,711 | INFO | httpx2 | HTTP Request: POST http://testserver/commandes "HTTP/1.1 201 Created"
2026-09-02 14:24:28,720 | INFO | app.services.commande_service | Création d'une commande pour le client 29
2026-09-02 14:24:28,729 | INFO | httpx2 | HTTP Request: POST http://testserver/commandes "HTTP/1.1 201 Created"
2026-09-02 14:24:28,757 | INFO | httpx2 | HTTP Request: GET http://testserver/stats/clients/29 "HTTP/1.1 200 OK"
2026-09-02 14:29:54,149 | INFO | httpx2 | HTTP Request: POST http://testserver/clients "HTTP/1.1 409 Conflict"
2026-09-02 14:29:54,817 | INFO | httpx2 | HTTP Request: POST http://testserver/clients "HTTP/1.1 409 Conflict"
2026-09-02 14:29:55,121 | INFO | app.services.client_service | Création d'un client avec l'email quantite.test@example.com
2026-09-02 14:29:55,144 | INFO | httpx2 | HTTP Request: POST http://testserver/clients "HTTP/1.1 201 Created"
2026-09-02 14:29:55,242 | INFO | app.services.commande_service | Création d'une commande pour le client 30
2026-09-02 14:29:55,264 | INFO | httpx2 | HTTP Request: POST http://testserver/commandes "HTTP/1.1 201 Created"
2026-09-02 14:29:55,383 | INFO | httpx2 | HTTP Request: POST http://testserver/commandes/30/lignes "HTTP/1.1 422 Unprocessable Content"
2026-09-02 14:29:55,543 | INFO | app.services.client_service | Création d'un client avec l'email prix.test@example.com
2026-09-02 14:29:55,552 | INFO | httpx2 | HTTP Request: POST http://testserver/clients "HTTP/1.1 201 Created"
2026-09-02 14:29:55,563 | INFO | app.services.commande_service | Création d'une commande pour le client 31
2026-09-02 14:29:55,571 | INFO | httpx2 | HTTP Request: POST http://testserver/commandes "HTTP/1.1 201 Created"
2026-09-02 14:29:55,586 | INFO | httpx2 | HTTP Request: POST http://testserver/commandes/31/lignes "HTTP/1.1 422 Unprocessable Content"
2026-09-02 14:37:17,656 | INFO | app.services.client_service | Création d'un client avec l'email ligne.statut.test.20260902.v2@example.com
2026-09-02 14:37:17,684 | INFO | httpx2 | HTTP Request: POST http://testserver/clients "HTTP/1.1 201 Created"
2026-09-02 14:37:17,713 | INFO | app.services.commande_service | Création d'une commande pour le client 32
2026-09-02 14:37:17,735 | INFO | httpx2 | HTTP Request: POST http://testserver/commandes "HTTP/1.1 201 Created"
2026-09-02 14:37:17,747 | INFO | app.services.commande_service | Mise à jour du statut de la commande 32 de StatutCommande.BROUILLON à StatutCommande.CONFIRMEE
2026-09-02 14:37:17,760 | INFO | httpx2 | HTTP Request: PATCH http://testserver/commandes/32/statut "HTTP/1.1 200 OK"
2026-09-02 14:37:17,784 | INFO | httpx2 | HTTP Request: POST http://testserver/commandes/32/lignes "HTTP/1.1 400 Bad Request"
2026-09-02 14:37:17,841 | INFO | app.services.client_service | Création d'un client avec l'email ligne.test.20260902.v2@example.com
2026-09-02 14:37:17,853 | INFO | httpx2 | HTTP Request: POST http://testserver/clients "HTTP/1.1 201 Created"
2026-09-02 14:37:17,865 | INFO | app.services.commande_service | Création d'une commande pour le client 33
2026-09-02 14:37:17,875 | INFO | httpx2 | HTTP Request: POST http://testserver/commandes "HTTP/1.1 201 Created"
2026-09-02 14:37:17,914 | INFO | app.services.ligne_commande_service | Ajout d'une ligne de commande à la commande 33
2026-09-02 14:37:17,929 | INFO | httpx2 | HTTP Request: POST http://testserver/commandes/33/lignes "HTTP/1.1 201 Created"
2026-09-02 14:37:17,962 | INFO | httpx2 | HTTP Request: GET http://testserver/commandes/33 "HTTP/1.1 200 OK"
2026-09-02 14:37:18,028 | INFO | httpx2 | HTTP Request: POST http://testserver/clients "HTTP/1.1 409 Conflict"
2026-09-02 14:37:18,542 | INFO | httpx2 | HTTP Request: POST http://testserver/clients "HTTP/1.1 409 Conflict"
2026-09-02 14:39:53,594 | INFO | app.services.client_service | Création d'un client avec l'email ligne.staut.test.20260902.v2@example.com
2026-09-02 14:39:53,618 | INFO | httpx2 | HTTP Request: POST http://testserver/clients "HTTP/1.1 201 Created"
2026-09-02 14:39:53,645 | INFO | app.services.commande_service | Création d'une commande pour le client 34
2026-09-02 14:39:53,667 | INFO | httpx2 | HTTP Request: POST http://testserver/commandes "HTTP/1.1 201 Created"
2026-09-02 14:39:53,680 | INFO | app.services.commande_service | Mise à jour du statut de la commande 34 de StatutCommande.BROUILLON à StatutCommande.CONFIRMEE
2026-09-02 14:39:53,693 | INFO | httpx2 | HTTP Request: PATCH http://testserver/commandes/34/statut "HTTP/1.1 200 OK"
2026-09-02 14:39:53,727 | INFO | httpx2 | HTTP Request: POST http://testserver/commandes/34/lignes "HTTP/1.1 400 Bad Request"
2026-09-02 14:39:53,779 | INFO | app.services.client_service | Création d'un client avec l'email ligne.test.2260902.v2@example.com
2026-09-02 14:39:53,789 | INFO | httpx2 | HTTP Request: POST http://testserver/clients "HTTP/1.1 201 Created"
2026-09-02 14:39:53,800 | INFO | app.services.commande_service | Création d'une commande pour le client 35
2026-09-02 14:39:53,810 | INFO | httpx2 | HTTP Request: POST http://testserver/commandes "HTTP/1.1 201 Created"
2026-09-02 14:39:53,829 | INFO | app.services.ligne_commande_service | Ajout d'une ligne de commande à la commande 35
2026-09-02 14:39:53,845 | INFO | httpx2 | HTTP Request: POST http://testserver/commandes/35/lignes "HTTP/1.1 201 Created"
2026-09-02 14:39:53,859 | INFO | httpx2 | HTTP Request: GET http://testserver/commandes/35 "HTTP/1.1 200 OK"
2026-09-02 14:39:53,876 | INFO | app.services.client_service | Création d'un client avec l'email quantite.tst@example.com
2026-09-02 14:39:53,886 | INFO | httpx2 | HTTP Request: POST http://testserver/clients "HTTP/1.1 201 Created"
2026-09-02 14:39:53,922 | INFO | app.services.commande_service | Création d'une commande pour le client 36
2026-09-02 14:39:53,934 | INFO | httpx2 | HTTP Request: POST http://testserver/commandes "HTTP/1.1 201 Created"
2026-09-02 14:39:53,975 | INFO | httpx2 | HTTP Request: POST http://testserver/commandes/36/lignes "HTTP/1.1 422 Unprocessable Content"
2026-09-02 14:39:54,141 | INFO | app.services.client_service | Création d'un client avec l'email prix.test@eample.com
2026-09-02 14:39:54,190 | INFO | httpx2 | HTTP Request: POST http://testserver/clients "HTTP/1.1 201 Created"
2026-09-02 14:39:54,820 | INFO | app.services.commande_service | Création d'une commande pour le client 37
2026-09-02 14:39:54,829 | INFO | httpx2 | HTTP Request: POST http://testserver/commandes "HTTP/1.1 201 Created"
2026-09-02 14:39:54,870 | INFO | httpx2 | HTTP Request: POST http://testserver/commandes/37/lignes "HTTP/1.1 422 Unprocessable Content"
2026-09-02 14:45:10,179 | INFO | httpx2 | HTTP Request: GET http://testserver/commandes "HTTP/1.1 401 Unauthorized"
2026-09-02 14:45:10,225 | INFO | httpx2 | HTTP Request: GET http://testserver/commandes "HTTP/1.1 401 Unauthorized"
2026-09-02 14:45:10,640 | INFO | httpx2 | HTTP Request: GET http://testserver/commandes "HTTP/1.1 200 OK"
2026-09-02 14:48:46,709 | INFO | httpx2 | HTTP Request: GET http://testserver/commandes "HTTP/1.1 401 Unauthorized"
2026-09-02 14:48:46,943 | INFO | httpx2 | HTTP Request: GET http://testserver/commandes "HTTP/1.1 401 Unauthorized"
2026-09-02 14:48:47,504 | INFO | httpx2 | HTTP Request: GET http://testserver/commandes "HTTP/1.1 200 OK"
2026-09-02 14:48:47,659 | INFO | httpx2 | HTTP Request: POST http://testserver/clients "HTTP/1.1 409 Conflict"
2026-09-02 14:48:49,419 | INFO | httpx2 | HTTP Request: POST http://testserver/clients "HTTP/1.1 409 Conflict"
2026-09-02 14:48:49,518 | INFO | httpx2 | HTTP Request: POST http://testserver/clients "HTTP/1.1 409 Conflict"
2026-09-02 14:48:49,666 | INFO | httpx2 | HTTP Request: POST http://testserver/clients "HTTP/1.1 409 Conflict"
2026-09-02 14:48:49,895 | INFO | httpx2 | HTTP Request: POST http://testserver/clients "HTTP/1.1 409 Conflict"
2026-09-02 14:48:50,120 | INFO | httpx2 | HTTP Request: POST http://testserver/clients "HTTP/1.1 409 Conflict"
2026-09-02 14:48:50,166 | INFO | httpx2 | HTTP Request: POST http://testserver/clients "HTTP/1.1 409 Conflict"
2026-09-02 14:48:50,326 | INFO | httpx2 | HTTP Request: POST http://testserver/clients "HTTP/1.1 409 Conflict"
2026-09-02 14:48:50,368 | INFO | httpx2 | HTTP Request: POST http://testserver/clients "HTTP/1.1 409 Conflict"
2026-09-02 14:48:50,511 | INFO | httpx2 | HTTP Request: POST http://testserver/clients "HTTP/1.1 409 Conflict"
2026-09-02 14:48:50,580 | INFO | httpx2 | HTTP Request: POST http://testserver/clients "HTTP/1.1 409 Conflict"
2026-09-02 14:48:50,831 | INFO | httpx2 | HTTP Request: POST http://testserver/clients "HTTP/1.1 409 Conflict"
2026-09-02 14:48:50,968 | INFO | httpx2 | HTTP Request: POST http://testserver/clients "HTTP/1.1 409 Conflict"
2026-09-02 14:59:51,427 | INFO | app.services.client_service | Création d'un client avec l'email tests.client.2026@example.com
2026-09-02 14:59:51,445 | INFO | httpx2 | HTTP Request: POST http://testserver/clients "HTTP/1.1 201 Created"
2026-09-02 14:59:51,509 | INFO | app.services.client_service | Création d'un client avec l'email duplicate.test.20260901@example.com
2026-09-02 14:59:51,528 | INFO | httpx2 | HTTP Request: POST http://testserver/clients "HTTP/1.1 201 Created"
2026-09-02 14:59:51,539 | INFO | httpx2 | HTTP Request: POST http://testserver/clients "HTTP/1.1 409 Conflict"
2026-09-02 15:13:34,507 | INFO | httpx2 | HTTP Request: GET http://testserver/commandes "HTTP/1.1 401 Unauthorized"
2026-09-02 15:13:34,597 | INFO | httpx2 | HTTP Request: GET http://testserver/commandes "HTTP/1.1 401 Unauthorized"
2026-09-02 15:13:34,700 | INFO | httpx2 | HTTP Request: GET http://testserver/commandes "HTTP/1.1 200 OK"
2026-09-02 15:13:34,749 | INFO | app.services.client_service | Création d'un client avec l'email tests.client.2026@example.com
2026-09-02 15:13:34,767 | INFO | httpx2 | HTTP Request: POST http://testserver/clients "HTTP/1.1 201 Created"
2026-09-02 15:13:34,965 | INFO | app.services.client_service | Création d'un client avec l'email duplicate.test.20260901@example.com
2026-09-02 15:13:35,001 | INFO | httpx2 | HTTP Request: POST http://testserver/clients "HTTP/1.1 201 Created"
2026-09-02 15:13:35,016 | INFO | httpx2 | HTTP Request: POST http://testserver/clients "HTTP/1.1 409 Conflict"
2026-09-02 15:13:35,575 | INFO | app.services.client_service | Création d'un client avec l'email commande.test.20260901.v3@example.com
2026-09-02 15:13:35,611 | INFO | httpx2 | HTTP Request: POST http://testserver/clients "HTTP/1.1 201 Created"
2026-09-02 15:13:35,619 | INFO | app.services.commande_service | Création d'une commande pour le client 3
2026-09-02 15:13:35,636 | INFO | httpx2 | HTTP Request: POST http://testserver/commandes "HTTP/1.1 201 Created"
2026-09-02 15:13:36,596 | INFO | app.services.client_service | Création d'un client avec l'email statut.tes.20260902@example.com
2026-09-02 15:13:36,611 | INFO | httpx2 | HTTP Request: POST http://testserver/clients "HTTP/1.1 201 Created"
2026-09-02 15:13:36,618 | INFO | app.services.commande_service | Création d'une commande pour le client 4
2026-09-02 15:13:36,722 | INFO | httpx2 | HTTP Request: POST http://testserver/commandes "HTTP/1.1 201 Created"
2026-09-02 15:13:36,737 | INFO | app.services.commande_service | Mise à jour du statut de la commande 2 de StatutCommande.BROUILLON à StatutCommande.CONFIRMEE
2026-09-02 15:13:36,830 | INFO | httpx2 | HTTP Request: PATCH http://testserver/commandes/2/statut "HTTP/1.1 200 OK"
2026-09-02 15:13:37,241 | INFO | app.services.client_service | Création d'un client avec l'email transition.test.20260902@example.com
2026-09-02 15:13:37,276 | INFO | httpx2 | HTTP Request: POST http://testserver/clients "HTTP/1.1 201 Created"
2026-09-02 15:13:37,307 | INFO | app.services.commande_service | Création d'une commande pour le client 5
2026-09-02 15:13:37,494 | INFO | httpx2 | HTTP Request: POST http://testserver/commandes "HTTP/1.1 201 Created"
2026-09-02 15:13:37,501 | WARNING | app.services.commande_service | Transition de statut non autorisée pour la commande 3 : StatutCommande.BROUILLON → StatutCommande.LIVREE
2026-09-02 15:13:37,503 | INFO | httpx2 | HTTP Request: PATCH http://testserver/commandes/3/statut "HTTP/1.1 400 Bad Request"
2026-09-02 15:13:37,808 | INFO | app.services.client_service | Création d'un client avec l'email livraison.test.20260902@example.com
2026-09-02 15:13:37,826 | INFO | httpx2 | HTTP Request: POST http://testserver/clients "HTTP/1.1 201 Created"
2026-09-02 15:13:37,833 | INFO | app.services.commande_service | Création d'une commande pour le client 6
2026-09-02 15:13:37,873 | INFO | httpx2 | HTTP Request: POST http://testserver/commandes "HTTP/1.1 201 Created"
2026-09-02 15:13:37,881 | INFO | app.services.commande_service | Mise à jour du statut de la commande 4 de StatutCommande.BROUILLON à StatutCommande.CONFIRMEE
2026-09-02 15:13:37,903 | INFO | httpx2 | HTTP Request: PATCH http://testserver/commandes/4/statut "HTTP/1.1 200 OK"
2026-09-02 15:13:37,910 | INFO | app.services.commande_service | Mise à jour du statut de la commande 4 de StatutCommande.CONFIRMEE à StatutCommande.EXPEDIEE
2026-09-02 15:13:37,927 | INFO | httpx2 | HTTP Request: PATCH http://testserver/commandes/4/statut "HTTP/1.1 200 OK"
2026-09-02 15:13:37,936 | INFO | app.services.commande_service | Mise à jour du statut de la commande 4 de StatutCommande.EXPEDIEE à StatutCommande.LIVREE
2026-09-02 15:13:37,955 | INFO | httpx2 | HTTP Request: PATCH http://testserver/commandes/4/statut "HTTP/1.1 200 OK"
2026-09-02 15:13:37,963 | WARNING | app.services.commande_service | Transition de statut non autorisée pour la commande 4 : StatutCommande.LIVREE → StatutCommande.CONFIRMEE
2026-09-02 15:13:37,964 | INFO | httpx2 | HTTP Request: PATCH http://testserver/commandes/4/statut "HTTP/1.1 400 Bad Request"
2026-09-02 15:13:38,147 | INFO | app.services.client_service | Création d'un client avec l'email pagination.test.20260902@example.com
2026-09-02 15:13:38,162 | INFO | httpx2 | HTTP Request: POST http://testserver/clients "HTTP/1.1 201 Created"
2026-09-02 15:13:38,170 | INFO | app.services.commande_service | Création d'une commande pour le client 7
2026-09-02 15:13:38,193 | INFO | httpx2 | HTTP Request: POST http://testserver/commandes "HTTP/1.1 201 Created"
2026-09-02 15:13:38,200 | INFO | app.services.commande_service | Création d'une commande pour le client 7
2026-09-02 15:13:38,226 | INFO | httpx2 | HTTP Request: POST http://testserver/commandes "HTTP/1.1 201 Created"
2026-09-02 15:13:38,233 | INFO | app.services.commande_service | Création d'une commande pour le client 7
2026-09-02 15:13:38,245 | INFO | httpx2 | HTTP Request: POST http://testserver/commandes "HTTP/1.1 201 Created"
2026-09-02 15:13:38,261 | INFO | httpx2 | HTTP Request: GET http://testserver/commandes?page=1&page_size=2 "HTTP/1.1 200 OK"
2026-09-02 15:13:38,382 | INFO | app.services.client_service | Création d'un client avec l'email filtres.test.20260902@example.com
2026-09-02 15:13:38,400 | INFO | httpx2 | HTTP Request: POST http://testserver/clients "HTTP/1.1 201 Created"
2026-09-02 15:13:38,408 | INFO | app.services.commande_service | Création d'une commande pour le client 8
2026-09-02 15:13:38,420 | INFO | httpx2 | HTTP Request: POST http://testserver/commandes "HTTP/1.1 201 Created"
2026-09-02 15:13:38,428 | INFO | app.services.commande_service | Création d'une commande pour le client 8
2026-09-02 15:13:38,441 | INFO | httpx2 | HTTP Request: POST http://testserver/commandes "HTTP/1.1 201 Created"
2026-09-02 15:13:38,462 | INFO | httpx2 | HTTP Request: GET http://testserver/commandes?client_id=8 "HTTP/1.1 200 OK"
2026-09-02 15:13:38,479 | INFO | httpx2 | HTTP Request: GET http://testserver/commandes?statut=brouillon "HTTP/1.1 200 OK"
2026-09-02 15:13:38,602 | INFO | app.services.client_service | Création d'un client avec l'email ligne.staut.test.20260902.v2@example.com
2026-09-02 15:13:38,615 | INFO | httpx2 | HTTP Request: POST http://testserver/clients "HTTP/1.1 201 Created"
2026-09-02 15:13:38,622 | INFO | app.services.commande_service | Création d'une commande pour le client 9
2026-09-02 15:13:38,638 | INFO | httpx2 | HTTP Request: POST http://testserver/commandes "HTTP/1.1 201 Created"
2026-09-02 15:13:38,649 | INFO | app.services.commande_service | Mise à jour du statut de la commande 10 de StatutCommande.BROUILLON à StatutCommande.CONFIRMEE
2026-09-02 15:13:38,666 | INFO | httpx2 | HTTP Request: PATCH http://testserver/commandes/10/statut "HTTP/1.1 200 OK"
2026-09-02 15:13:38,688 | INFO | httpx2 | HTTP Request: POST http://testserver/commandes/10/lignes "HTTP/1.1 400 Bad Request"
2026-09-02 15:13:38,796 | INFO | app.services.client_service | Création d'un client avec l'email ligne.test.2260902.v2@example.com
2026-09-02 15:13:38,812 | INFO | httpx2 | HTTP Request: POST http://testserver/clients "HTTP/1.1 201 Created"
2026-09-02 15:13:38,820 | INFO | app.services.commande_service | Création d'une commande pour le client 10
2026-09-02 15:13:38,843 | INFO | httpx2 | HTTP Request: POST http://testserver/commandes "HTTP/1.1 201 Created"
2026-09-02 15:13:38,858 | INFO | app.services.ligne_commande_service | Ajout d'une ligne de commande à la commande 11
2026-09-02 15:13:38,883 | INFO | httpx2 | HTTP Request: POST http://testserver/commandes/11/lignes "HTTP/1.1 201 Created"
2026-09-02 15:13:38,892 | INFO | httpx2 | HTTP Request: GET http://testserver/commandes/11 "HTTP/1.1 200 OK"
2026-09-02 15:13:38,995 | INFO | app.services.client_service | Création d'un client avec l'email quantite.tst@example.com
2026-09-02 15:13:39,006 | INFO | httpx2 | HTTP Request: POST http://testserver/clients "HTTP/1.1 201 Created"
2026-09-02 15:13:39,013 | INFO | app.services.commande_service | Création d'une commande pour le client 11
2026-09-02 15:13:39,032 | INFO | httpx2 | HTTP Request: POST http://testserver/commandes "HTTP/1.1 201 Created"
2026-09-02 15:13:39,040 | INFO | httpx2 | HTTP Request: POST http://testserver/commandes/12/lignes "HTTP/1.1 422 Unprocessable Content"
2026-09-02 15:13:39,481 | INFO | app.services.client_service | Création d'un client avec l'email prix.test@eample.com
2026-09-02 15:13:40,221 | INFO | httpx2 | HTTP Request: POST http://testserver/clients "HTTP/1.1 201 Created"
2026-09-02 15:13:40,231 | INFO | app.services.commande_service | Création d'une commande pour le client 12
2026-09-02 15:13:40,327 | INFO | httpx2 | HTTP Request: POST http://testserver/commandes "HTTP/1.1 201 Created"
2026-09-02 15:13:40,334 | INFO | httpx2 | HTTP Request: POST http://testserver/commandes/13/lignes "HTTP/1.1 422 Unprocessable Content"
2026-09-02 15:13:41,126 | INFO | app.services.client_service | Création d'un client avec l'email stats.tet.20260902@example.com
2026-09-02 15:13:41,142 | INFO | httpx2 | HTTP Request: POST http://testserver/clients "HTTP/1.1 201 Created"
2026-09-02 15:13:41,149 | INFO | app.services.commande_service | Création d'une commande pour le client 13
2026-09-02 15:13:41,163 | INFO | httpx2 | HTTP Request: POST http://testserver/commandes "HTTP/1.1 201 Created"
2026-09-02 15:13:41,171 | INFO | app.services.commande_service | Création d'une commande pour le client 13
2026-09-02 15:13:41,187 | INFO | httpx2 | HTTP Request: POST http://testserver/commandes "HTTP/1.1 201 Created"
2026-09-02 15:13:41,207 | INFO | httpx2 | HTTP Request: GET http://testserver/stats/clients/13 "HTTP/1.1 200 OK"
2026-09-02 22:22:58,098 | INFO | app.services.ligne_commande_service | Ajout d'une ligne de commande à la commande 9
2026-09-02 22:31:09,437 | INFO | app.services.commande_service | Mise à jour du statut de la commande 9 de StatutCommande.BROUILLON à StatutCommande.CONFIRMEE
2026-09-02 22:33:04,277 | INFO | app.services.commande_service | Mise à jour du statut de la commande 10 de StatutCommande.BROUILLON à StatutCommande.CONFIRMEE
2026-09-02 23:38:09,436 | INFO | app.services.commande_service | Création d'une commande pour le client 10
2026-09-02 23:38:34,209 | INFO | app.services.ligne_commande_service | Ajout d'une ligne de commande à la commande 38
2026-09-02 23:38:37,383 | INFO | app.services.commande_service | Mise à jour du statut de la commande 38 de StatutCommande.BROUILLON à StatutCommande.CONFIRMEE
